[ entering equalsInteger
, exiting equalsInteger
, entering subtractInteger
, exiting subtractInteger
, entering equalsInteger
, exiting equalsInteger
, entering subtractInteger
, exiting subtractInteger
, entering equalsInteger
, exiting equalsInteger
, entering subtractInteger
, exiting subtractInteger
, entering equalsInteger
, exiting equalsInteger
, entering addInteger
, exiting addInteger
, entering addInteger
, exiting addInteger
, entering addInteger
, exiting addInteger ]